Parts used:
LED: LT-1501, https://www.led-tech.de/produkt-pdf/cree/xlamp_mce.pdf

FET: http://www.irf.com/product-info/datasheets/data/irl1004.pdf

Transistor: https://www.sparkfun.com/datasheets/Components/2N3904.pdf

PSU: Voltcraft SPS 2500-5
It is rated at 12.5 Watts, which is less then is drawn.
Operating temp is up to 35 C, but is 40 C

Tempurature measurerer: Trotec BP21



Test method: 
Select the to be tested code, watch the meter for a minute or two.

Hot:
LED: 68 C
According to datasheet, the LED has only 87 % of luminous flux at this temp.

FET + transistor: 55 C
There are no temperature limitations for these semi-conductors at these temps.

PSU: 40 C
No datasheet with characteristics found.

0 1s: 0.106 ~ 0.109 amps
1 1s: 0.107 ~ 0.109 amps
2 1s: 0.109 ~ 0.111 amps
3 1s: 0.111 ~ 0.114 amps
4 1s: 0.110 ~ 0.113 amps
5 1s: 0.111 ~ 0.114 amps
6 1s: 0.114 ~ 0.116 amps
7 1s: 0.114 ~ 0.116 amps
8 1s: 0.116 ~ 0.117 amps

0, 4, 8 could be used and be differentiated from eachother.


Heatsinks cold, around room temperature 25 C:

0 1s: 0.117 ~ 0.118 amps
1 1s: 0.117 ~ 0.118 amps
2 1s: 0.118 ~ 0.119 amps
3 1s: 0.119 ~ 0.120 amps
4 1s: 0.120 ~ 0.121 amps
5 1s: 0.121 ~ 0.122 amps
6 1s: 0.122 ~ 0.122 amps
7 1s: 0.122 ~ 0.123 amps
8 1s: 0.123 ~ 0.125 amps

0, 3, 5, 8 could be used, not sure if they can be succesfully superimposed on each other yet.
